$ playwright test

Running 30 tests using 3 workers

(node:99032) Warning: The 'NO_COLOR' env is ignored due to the 'FORCE_COLOR' env being set.
(Use `node --trace-warnings ...` to show where the warning was created)
(node:99030) Warning: The 'NO_COLOR' env is ignored due to the 'FORCE_COLOR' env being set.
(Use `node --trace-warnings ...` to show where the warning was created)
(node:99031) Warning: The 'NO_COLOR' env is ignored due to the 'FORCE_COLOR' env being set.
(Use `node --trace-warnings ...` to show where the warning was created)
  ✓   3 [chromium] › visual/content.spec.ts:8:5 › content light 390 (1.2s)
  ✓   1 [chromium] › visual/content.spec.ts:8:5 › content light 768 (1.2s)
  ✓   2 [chromium] › visual/content.spec.ts:8:5 › content light 1440 (1.2s)
  ✓   4 [chromium] › visual/content.spec.ts:8:5 › content dark 390 (1.1s)
  ✓   5 [chromium] › visual/content.spec.ts:8:5 › content dark 768 (1.1s)
  ✓   6 [chromium] › visual/content.spec.ts:8:5 › content dark 1440 (1.2s)
  ✓   8 [chromium] › visual/content.spec.ts:8:5 › content true-black 768 (1.1s)
  ✓   7 [chromium] › visual/content.spec.ts:8:5 › content true-black 390 (1.1s)
  ✓   9 [chromium] › visual/content.spec.ts:8:5 › content true-black 1440 (1.2s)
  ✓  12 [chromium] › visual/content.spec.ts:52:3 › highlighted code contrast true-black (584ms)
  ✓  11 [chromium] › visual/content.spec.ts:52:3 › highlighted code contrast dark (1.1s)
  ✓  10 [chromium] › visual/content.spec.ts:52:3 › highlighted code contrast light (1.3s)
  ✓  13 [chromium] › visual/showcase.spec.ts:32:3 › showcase › top — light, default monochrome (1.7s)
  ✓  14 [chromium] › visual/showcase.spec.ts:38:3 › showcase › buttons — default monochrome (1.4s)
  ✓  15 [chromium] › visual/showcase.spec.ts:46:3 › showcase › buttons — opt-in brand (violet) (1.4s)
  ✓  17 [chromium] › visual/showcase.spec.ts:65:3 › showcase › forms — brand (slider/segmented re-themed) (1.6s)
  ✓  16 [chromium] › visual/showcase.spec.ts:55:3 › showcase › buttons — brand in dark mode (1.8s)
  ✓  18 [chromium] › visual/showcase.spec.ts:77:3 › docs › button page renders (live demos + props) (1.5s)
(node:99074) Warning: The 'NO_COLOR' env is ignored due to the 'FORCE_COLOR' env being set.
(Use `node --trace-warnings ...` to show where the warning was created)
(node:99075) Warning: The 'NO_COLOR' env is ignored due to the 'FORCE_COLOR' env being set.
(Use `node --trace-warnings ...` to show where the warning was created)
(node:99076) Warning: The 'NO_COLOR' env is ignored due to the 'FORCE_COLOR' env being set.
(Use `node --trace-warnings ...` to show where the warning was created)
  ✓  19 [webkit] › visual/content.spec.ts:8:5 › content light 390 (2.4s)
  ✓  21 [webkit] › visual/content.spec.ts:8:5 › content light 1440 (2.5s)
  ✓  20 [webkit] › visual/content.spec.ts:8:5 › content light 768 (2.6s)
  ✓  22 [webkit] › visual/content.spec.ts:8:5 › content dark 390 (2.2s)
  ✓  23 [webkit] › visual/content.spec.ts:8:5 › content dark 768 (2.4s)
  ✓  24 [webkit] › visual/content.spec.ts:8:5 › content dark 1440 (2.3s)
  ✓  25 [webkit] › visual/content.spec.ts:8:5 › content true-black 390 (2.1s)
  ✓  27 [webkit] › visual/content.spec.ts:8:5 › content true-black 1440 (2.3s)
  ✓  26 [webkit] › visual/content.spec.ts:8:5 › content true-black 768 (2.4s)
  ✓  28 [webkit] › visual/content.spec.ts:52:3 › highlighted code contrast light (1.5s)
  ✓  30 [webkit] › visual/content.spec.ts:52:3 › highlighted code contrast true-black (1.8s)
  ✓  29 [webkit] › visual/content.spec.ts:52:3 › highlighted code contrast dark (2.4s)

  30 passed (18.1s)
