THEME light [
  {
    bg: 'rgba(0, 0, 0, 0)',
    first: '<pre class="shiki"><code>export function greet(name: string): string {\n' +
      '  return `Hello, ${name}!`;\n' +
      '}</code></pre>'
  }
]
enter zoom 0
click zoom 1 dialogs 0
THEME dark [
  {
    bg: 'rgba(0, 0, 0, 0)',
    first: '<pre class="shiki"><code>export function greet(name: string): string {\n' +
      '  return `Hello, ${name}!`;\n' +
      '}</code></pre>'
  }
]
enter zoom 0
click zoom 1 dialogs 0
THEME true-black [
  {
    bg: 'rgba(0, 0, 0, 0)',
    first: '<pre class="shiki"><code>export function greet(name: string): string {\n' +
      '  return `Hello, ${name}!`;\n' +
      '}</code></pre>'
  }
]
enter zoom 0
click zoom 1 dialogs 0
DEV CONSOLE Encountered a script tag while rendering React component. Scripts inside React components are never executed when rendering on the client. Consider using template tag instead (https://developer.mozilla.org/en-US/docs/Web/HTML/Element/template).
DEV ERROR Hydration failed because the server rendered HTML didn't match the client. As a result this tree will be regenerated on the client. This can happen if a SSR-ed Client Component used:

- A server/client branch `if (typeof window !== 'undefined')`.
- Variable input such as `Date.now()` or `Math.random()` which changes each time it's called.
- Date formatting in a user's locale which doesn't match the server.
- External changing data without sending a snapshot of it along with the HTML.
- Invalid HTML tag nesting.

It can also happen if the client has a browser extension installed which messes with the HTML before React loaded.

https://react.dev/link/hydration-mismatch

  ...
    <div className="max-w-6xl ...">
      <section>
      <Section>
      <Section>
      <Section>
      <Section>
      <Section>
      <Section>
      <Section>
      <Section>
      <Section>
      <Section>
      <Section>
      <Section id="content" title="Content" description="The conten...">
        <section id="content" className="scroll-mt-...">
          <h2>
          <p>
          <div className="mt-6 space...">
            <Demo title="MarkdownRe..." description="Full GFM m...">
              <div>
                <div>
                <div className="rounded-2x..." style={{...}}>
                  <MarkdownRendererDemo>
                    <div className="w-full max...">
                      <MarkdownRenderer content={"# Markdo..."}>
                        <div className="not-prose ...">
                          <Markdown remarkPlugins={[...]} rehypePlugins={[...]} urlTransform={undefined} ...>
                            <MarkdownRenderer.useMemo[components]>
                            <MarkdownRenderer.useMemo[components] node={{type:"element", ...}}>
                              <div className="mb-4 last:...">
                                <strong>
                                <em>
                                <MarkdownRenderer.useMemo[components]>
                                <MarkdownRenderer.useMemo[components] href="https://gi..." node={{type:"element", ...}}>
                                  <a
                                    href="https://github.com/YuhuanStudio/YunUI"
+                                   target="_blank"
-                                   target={null}
+                                   rel="noopener noreferrer"
-                                   rel={null}
                                    className="text-(--text-primary) underline decoration-(--border-default) underline..."
                                    node={{type:"element",tagName:"a",properties:{href:"https:..."},children:[...],position:{...}}}
                                  >
                                    <ExternalLink className="w-3 h-3 in...">
+                                     <svg
+                                       ref={null}
+                                       xmlns="http://www.w3.org/2000/svg"
+                                       width={24}
+                                       height={24}
+                                       viewBox="0 0 24 24"
+                                       fill="none"
+                                       stroke="currentColor"
+                                       strokeWidth={2}
+                                       strokeLinecap="round"
+                                       strokeLinejoin="round"
+                                       className="lucide lucide-external-link w-3 h-3 inline-block ml-0.5"
+                                       aria-hidden="true"
+                                     >
                                ...
                            ...
            ...
      ...
