$ playwright test

Running 6 tests using 6 workers

(node:86863) Warning: The 'NO_COLOR' env is ignored due to the 'FORCE_COLOR' env being set.
(Use `node --trace-warnings ...` to show where the warning was created)
(node:86862) Warning: The 'NO_COLOR' env is ignored due to the 'FORCE_COLOR' env being set.
(Use `node --trace-warnings ...` to show where the warning was created)
(node:86861) Warning: The 'NO_COLOR' env is ignored due to the 'FORCE_COLOR' env being set.
(Use `node --trace-warnings ...` to show where the warning was created)
(node:86864) Warning: The 'NO_COLOR' env is ignored due to the 'FORCE_COLOR' env being set.
(Use `node --trace-warnings ...` to show where the warning was created)
(node:86860) Warning: The 'NO_COLOR' env is ignored due to the 'FORCE_COLOR' env being set.
(Use `node --trace-warnings ...` to show where the warning was created)
(node:86865) Warning: The 'NO_COLOR' env is ignored due to the 'FORCE_COLOR' env being set.
(Use `node --trace-warnings ...` to show where the warning was created)
  ✓  4 [chromium] › visual/showcase.spec.ts:71:3 › docs › button page renders (live demos + props) (1.3s)
  ✓  3 [chromium] › visual/showcase.spec.ts:32:3 › showcase › buttons — default monochrome (1.6s)
  ✓  1 [chromium] › visual/showcase.spec.ts:40:3 › showcase › buttons — opt-in brand (violet) (1.7s)
  ✓  2 [chromium] › visual/showcase.spec.ts:59:3 › showcase › forms — brand (slider/segmented re-themed) (1.9s)
  ✓  5 [chromium] › visual/showcase.spec.ts:26:3 › showcase › top — light, default monochrome (1.9s)
  ✓  6 [chromium] › visual/showcase.spec.ts:49:3 › showcase › buttons — brand in dark mode (2.1s)

  6 passed (2.6s)
